// Jest Snapshot v1, https://goo.gl/fbAQLP

exports[`matches snapshot 1`] = `
.c3 {
  margin: 0;
  font-size: 1.6rem;
  line-height: 1.05;
}

.c12 {
  margin: 0;
  font-size: 1.2rem;
  line-height: 1.2;
  text-transform: uppercase;
  -webkit-letter-spacing: 0.1rem;
  -moz-letter-spacing: 0.1rem;
  -ms-letter-spacing: 0.1rem;
  letter-spacing: 0.1rem;
}

.c4 {
  grid-area: Name;
  -webkit-align-self: end;
  -ms-flex-item-align: end;
  align-self: end;
  margin-bottom: 0.4rem;
}

.c6 {
  grid-area: Actions;
  display: -webkit-box;
  display: -webkit-flex;
  display: -ms-flexbox;
  display: flex;
  -webkit-align-items: center;
  -webkit-box-align: center;
  -ms-flex-align: center;
  align-items: center;
  -webkit-box-pack: center;
  -webkit-justify-content: center;
  -ms-flex-pack: center;
  justify-content: center;
  width: 9rem;
}

.c0 {
  display: grid;
  grid-template-columns: 11rem 1fr 9rem;
  grid-template-areas: "Checkbox . Actions";
  -webkit-align-content: center;
  -ms-flex-line-pack: center;
  align-content: center;
  height: 9rem;
  min-height: 9rem;
  box-sizing: border-box;
  border-bottom: solid 0.1rem #d2d6db;
  -webkit-transition: background-color 0.15s ease-in-out;
  transition: background-color 0.15s ease-in-out;
}

.c0:hover {
  background-color: #f4f5f6;
}

.c9 {
  display: -webkit-box;
  display: -webkit-flex;
  display: -ms-flexbox;
  display: flex;
  -webkit-align-items: center;
  -webkit-box-align: center;
  -ms-flex-align: center;
  align-items: center;
  -webkit-box-pack: center;
  -webkit-justify-content: center;
  -ms-flex-pack: center;
  justify-content: center;
  -webkit-appearance: none;
  -moz-appearance: none;
  appearance: none;
  background: none;
  -webkit-transition: background 250ms ease-in-out, color 250ms ease-in-out, border 250ms ease-in-out;
  transition: background 250ms ease-in-out, color 250ms ease-in-out, border 250ms ease-in-out;
  cursor: pointer;
  outline: none;
  box-sizing: border-box;
  width: 17rem;
  height: 4rem;
  color: #ffffff;
  border-radius: 0.5rem;
  background: #3b3f42;
  border: 0.1rem solid #3b3f42;
}

.c9:hover {
  background: #232426;
}

.c9 g {
  fill: #ffffff;
}

.c14 {
  display: -webkit-box;
  display: -webkit-flex;
  display: -ms-flexbox;
  display: flex;
  -webkit-align-items: center;
  -webkit-box-align: center;
  -ms-flex-align: center;
  align-items: center;
  -webkit-box-pack: center;
  -webkit-justify-content: center;
  -ms-flex-pack: center;
  justify-content: center;
  -webkit-appearance: none;
  -moz-appearance: none;
  appearance: none;
  background: none;
  -webkit-transition: background 250ms ease-in-out, color 250ms ease-in-out, border 250ms ease-in-out;
  transition: background 250ms ease-in-out, color 250ms ease-in-out, border 250ms ease-in-out;
  cursor: pointer;
  outline: none;
  box-sizing: border-box;
  width: 17rem;
  height: 4rem;
  border-radius: 0.5rem;
  border: 0.1rem solid #3b3f42;
}

.c14 g {
  fill: #000000;
}

.c14:hover {
  border-color: #000000;
}

.c13 {
  white-space: nowrap;
}

.c7 {
  display: -webkit-box;
  display: -webkit-flex;
  display: -ms-flexbox;
  display: flex;
  -webkit-flex-direction: row;
  -ms-flex-direction: row;
  flex-direction: row;
  position: relative;
}

.c10 {
  --radius: 0.5rem;
  -webkit-flex: 1;
  -ms-flex: 1;
  flex: 1;
  z-index: 1;
  pointer-events: all;
  z-index: 3;
}

.c10:disabled {
  pointer-events: none;
}

.c10:hover {
  z-index: 2;
}

.c10:not(:first-of-type) {
  border-radius: 0;
  margin-left: -0.1rem;
}

.c10:first-of-type:not(:last-of-type) {
  border-radius: var(--radius) 0 0 var(--radius);
}

.c10:last-of-type:not(:first-of-type) {
  border-radius: 0 var(--radius) var(--radius) 0;
}

.c15 {
  --radius: 0.5rem;
  -webkit-flex: 1;
  -ms-flex: 1;
  flex: 1;
  z-index: 1;
  pointer-events: all;
}

.c15:disabled {
  pointer-events: none;
}

.c15:hover {
  z-index: 2;
}

.c15:not(:hover) {
  border: 0.1rem solid #cdcecf;
  color: #6a6a6a;
}

.c15:not(:hover) g {
  fill: #cdcecf;
}

.c15:not(:first-of-type) {
  border-radius: 0;
  margin-left: -0.1rem;
}

.c15:first-of-type:not(:last-of-type) {
  border-radius: var(--radius) 0 0 var(--radius);
}

.c15:last-of-type:not(:first-of-type) {
  border-radius: 0 var(--radius) var(--radius) 0;
}

.c8 {
  margin-right: 4rem;
}

.c11 {
  padding: 0 3.6rem;
  width: 75%;
}

.c1 {
  grid-template-areas: "Checkbox Actions";
  grid-template-columns: 1fr 15rem;
  border-bottom: solid 0.1rem #d2d6db;
}

.c1:hover {
  background-color: transparent;
}

.c2 {
  grid-area: Checkbox;
  -webkit-align-self: center;
  -ms-flex-item-align: center;
  align-self: center;
}

.c5 {
  margin-left: 4rem;
}

<div>
  <section
    class=""
    data-testid="settings-wrapper"
  >
    <div
      class="c0 c1"
      data-testid="settings-tablerow"
    >
      <div
        class="c2"
      >
        <p
          class="c3 c4 c5"
        >
          [value] module.settings.collectingData
        </p>
      </div>
      <div
        class="c6"
      >
        <section
          class="c7 c8"
        >
          <button
            class="c9 c10 c11"
            data-testid="toggler-active"
            size="2"
            type="button"
          >
            <p
              class="c12 c13"
            >
              [value] module.settings.offLabel
            </p>
          </button>
          <button
            class="c14 c15 c11"
            data-testid="toggler-inactive"
            size="2"
            type="button"
          >
            <p
              class="c12 c13"
            >
              [value] module.settings.onLabel
            </p>
          </button>
        </section>
      </div>
    </div>
  </section>
</div>
`;
