// Jest Snapshot v1, https://goo.gl/fbAQLP

exports[`matches snapshot 1`] = `
.c3 {
  margin: 0;
  font-size: 1.2rem;
  line-height: 1.67;
  font-weight: 400;
  -webkit-letter-spacing: 0.1rem;
  -moz-letter-spacing: 0.1rem;
  -ms-letter-spacing: 0.1rem;
  letter-spacing: 0.1rem;
  text-transform: uppercase;
  color: #000000;
}

.c1 {
  display: -webkit-box;
  display: -webkit-flex;
  display: -ms-flexbox;
  display: flex;
  -webkit-box-pack: center;
  -webkit-justify-content: center;
  -ms-flex-pack: center;
  justify-content: center;
  -webkit-align-items: center;
  -webkit-box-align: center;
  -ms-flex-align: center;
  align-items: center;
  height: 2.4rem;
  width: 2.4rem;
  position: relative;
  font-style: normal;
}

.c1 svg {
  width: 100%;
  height: 100%;
}

.c0 {
  display: -webkit-box;
  display: -webkit-flex;
  display: -ms-flexbox;
  display: flex;
  -webkit-align-items: center;
  -webkit-box-align: center;
  -ms-flex-align: center;
  align-items: center;
  -webkit-box-pack: center;
  -webkit-justify-content: center;
  -ms-flex-pack: center;
  justify-content: center;
  -webkit-appearance: none;
  -moz-appearance: none;
  appearance: none;
  background: none;
  padding: 0.1rem 0.7rem;
  cursor: pointer;
  outline: none;
  box-sizing: border-box;
  overflow: hidden;
  -webkit-transition: background 250ms ease-in-out, color 250ms ease-in-out, border 250ms ease-in-out;
  transition: background 250ms ease-in-out, color 250ms ease-in-out, border 250ms ease-in-out;
  width: 17.6rem;
  -webkit-box-pack: start;
  -webkit-justify-content: flex-start;
  -ms-flex-pack: start;
  justify-content: flex-start;
  height: 100%;
  padding: 0.8rem 0;
  border: none;
  position: relative;
  width: 100%;
}

.c0:after {
  content: "";
  position: absolute;
  display: block;
  bottom: 0;
  left: 0;
  width: 0;
  height: 0.2rem;
  background-color: #000000;
  -webkit-transition: width 500ms ease;
  transition: width 500ms ease;
}

.c0 p {
  color: #6a6a6a;
}

.c0 svg {
  opacity: 0.75;
}

.c0:hover p {
  color: #3b3f42;
}

.c0:hover g path {
  fill: #3b3f42;
}

.c0.active p {
  color: #000000;
}

.c0.active g path {
  fill: #000000;
}

.c0.active:after {
  width: 100%;
}

.c2 {
  margin: 0 0.8rem 0 0;
}

.c4 {
  white-space: nowrap;
}

<a
  aria-current="page"
  class="c0 active"
  displaystyle="8"
  href="/phone"
  size="1"
>
  <span
    class="c1 c2"
    data-testid="icon-Check"
    height="2.4"
    width="2.4"
  >
    <test-file-stub
      image="test-file-stub"
    />
  </span>
  <p
    class="c3 c4"
    color="primary"
  >
    [value] module.phone
  </p>
</a>
`;
