// Jest Snapshot v1, https://goo.gl/fbAQLP

exports[`matches snapshot 1`] = `
.c0 {
  display: block;
  width: 4rem;
  height: 4rem;
  position: relative;
  -webkit-animation: chase 2.5s infinite linear both;
  animation: chase 2.5s infinite linear both;
  color: #6d9bbc;
}

.c1 {
  display: block;
  width: 100%;
  height: 100%;
  position: absolute;
  left: 0;
  top: 0;
  -webkit-animation: chase-dot 2s infinite ease-in-out both;
  animation: chase-dot 2s infinite ease-in-out both;
}

.c1:before {
  content: "";
  display: block;
  width: 25%;
  height: 25%;
  background-color: currentColor;
  border-radius: 100%;
  -webkit-animation: dot-before 2s infinite ease-in-out both;
  animation: dot-before 2s infinite ease-in-out both;
}

.c1:nth-child(1),
.c1:nth-child(1):before {
  -webkit-animation-delay: -1.1s;
  animation-delay: -1.1s;
}

.c1:nth-child(2),
.c1:nth-child(2):before {
  -webkit-animation-delay: -1s;
  animation-delay: -1s;
}

.c1:nth-child(3),
.c1:nth-child(3):before {
  -webkit-animation-delay: -0.9s;
  animation-delay: -0.9s;
}

.c1:nth-child(4),
.c1:nth-child(4):before {
  -webkit-animation-delay: -0.8s;
  animation-delay: -0.8s;
}

.c1:nth-child(5),
.c1:nth-child(5):before {
  -webkit-animation-delay: -0.7s;
  animation-delay: -0.7s;
}

.c1:nth-child(6),
.c1:nth-child(6):before {
  -webkit-animation-delay: -0.6s;
  animation-delay: -0.6s;
}

<span
  class="c0"
  data-testid="loader-spinner"
  size="4"
>
  <span
    class="c1"
    data-testid="dot"
  />
  <span
    class="c1"
    data-testid="dot"
  />
  <span
    class="c1"
    data-testid="dot"
  />
  <span
    class="c1"
    data-testid="dot"
  />
  <span
    class="c1"
    data-testid="dot"
  />
  <span
    class="c1"
    data-testid="dot"
  />
</span>
`;
