// Jest Snapshot v1, https://goo.gl/fbAQLP

exports[`matches snapshot 1`] = `
.c3 {
  margin: 0;
  font-size: 2.4rem;
  line-height: 0.8;
  font-weight: 700;
  -webkit-letter-spacing: -0.06rem;
  -moz-letter-spacing: -0.06rem;
  -ms-letter-spacing: -0.06rem;
  letter-spacing: -0.06rem;
}

.c8 {
  margin: 0;
  font-size: 1.6rem;
  line-height: 1.05;
  font-weight: 700;
  -webkit-letter-spacing: 0.02rem;
  -moz-letter-spacing: 0.02rem;
  -ms-letter-spacing: 0.02rem;
  letter-spacing: 0.02rem;
}

.c9 {
  margin: 0;
  font-size: 1.2rem;
  line-height: 1.2;
  color: #6a6a6a;
  -webkit-letter-spacing: 0.04rem;
  -moz-letter-spacing: 0.04rem;
  -ms-letter-spacing: 0.04rem;
  letter-spacing: 0.04rem;
}

.c7 {
  display: -webkit-box;
  display: -webkit-flex;
  display: -ms-flexbox;
  display: flex;
  -webkit-box-pack: center;
  -webkit-justify-content: center;
  -ms-flex-pack: center;
  justify-content: center;
  -webkit-align-items: center;
  -webkit-box-align: center;
  -ms-flex-align: center;
  align-items: center;
  height: 2.6rem;
  width: 2.6rem;
  position: relative;
  font-style: normal;
}

.c7 svg {
  width: 100%;
  height: 100%;
}

.c0 {
  display: -webkit-box;
  display: -webkit-flex;
  display: -ms-flexbox;
  display: flex;
  -webkit-flex-direction: column;
  -ms-flex-direction: column;
  flex-direction: column;
  padding: 4rem;
  box-sizing: border-box;
  border-radius: 0.5rem;
  background-color: #ffffff;
}

.c1 {
  grid-area: Text;
}

.c4 {
  display: -webkit-box;
  display: -webkit-flex;
  display: -ms-flexbox;
  display: flex;
  -webkit-flex-direction: row;
  -ms-flex-direction: row;
  flex-direction: row;
  -webkit-box-pack: justify;
  -webkit-justify-content: space-between;
  -ms-flex-pack: justify;
  justify-content: space-between;
  -webkit-align-items: flex-end;
  -webkit-box-align: flex-end;
  -ms-flex-align: flex-end;
  align-items: flex-end;
  margin-top: auto;
}

.c2 p {
  margin-top: 1.2rem;
  -webkit-letter-spacing: 0.04rem;
  -moz-letter-spacing: 0.04rem;
  -ms-letter-spacing: 0.04rem;
  letter-spacing: 0.04rem;
  color: #6a6a6a;
}

.c5 {
  display: -webkit-box;
  display: -webkit-flex;
  display: -ms-flexbox;
  display: flex;
  -webkit-flex-direction: row;
  -ms-flex-direction: row;
  flex-direction: row;
  -webkit-align-items: center;
  -webkit-box-align: center;
  -ms-flex-align: center;
  align-items: center;
}

.c5 p {
  margin-top: 0.4rem;
}

.c5:not(:last-child) {
  margin-bottom: 1.6rem;
}

.c6 {
  background-color: #fbfbfb;
  margin-right: 1.6rem;
  padding: 0.7rem;
}

<div>
  <section
    class="c0"
  >
    <div
      class="c1 c2"
    >
      <h2
        class="c3"
      >
        [value] module.overview.statusPureTitle
      </h2>
    </div>
    <div
      class="c4"
    >
      <div>
        <div
          class="c5"
        >
          <div
            class="c6"
          >
            <span
              class="c7"
              data-testid="icon-HighBattery"
              height="2.6"
              width="2.6"
            >
              <test-file-stub
                image="test-file-stub"
              />
            </span>
          </div>
          <div>
            <h2
              class="c8"
              data-testid="battery-level"
            >
              75
               %
            </h2>
            <p
              class="c9"
            >
              [value] module.overview.phoneBattery
            </p>
          </div>
        </div>
        <div
          class="c5"
        >
          <div
            class="c6"
          >
            <span
              class="c7"
              data-testid="icon-HighRange"
              height="2.6"
              width="2.6"
            >
              <test-file-stub
                image="test-file-stub"
              />
            </span>
          </div>
          <div>
            <p
              class="c8"
              data-testid="network-name"
            >
              Play
            </p>
            <p
              class="c9"
            >
              [value] module.overview.networkName
            </p>
          </div>
        </div>
      </div>
    </div>
  </section>
</div>
`;
