// Jest Snapshot v1, https://goo.gl/fbAQLP

exports[`matches snapshot 1`] = `
.c5 {
  margin: 0;
  font-size: 1.4rem;
  line-height: 1.57;
  -webkit-letter-spacing: 0.04rem;
  -moz-letter-spacing: 0.04rem;
  -ms-letter-spacing: 0.04rem;
  letter-spacing: 0.04rem;
  color: #000000;
}

.c3 {
  display: -webkit-box;
  display: -webkit-flex;
  display: -ms-flexbox;
  display: flex;
  -webkit-box-pack: center;
  -webkit-justify-content: center;
  -ms-flex-pack: center;
  justify-content: center;
  -webkit-align-items: center;
  -webkit-box-align: center;
  -ms-flex-align: center;
  align-items: center;
  height: 1.6rem;
  width: 2.2rem;
  position: relative;
  font-style: normal;
}

.c3 svg {
  width: 100%;
  height: 100%;
}

.c2 {
  -webkit-appearance: none;
  -moz-appearance: none;
  appearance: none;
  outline: none;
  margin: 0;
  display: inline-block;
  height: 100%;
  width: 100%;
  background-clip: content-box;
  border: 0.1rem solid #d2d6db;
  border-radius: 0.2rem;
  background-color: #ffffff;
  -webkit-transition: border-color 250ms ease-in-out;
  transition: border-color 250ms ease-in-out;
}

.c2:hover {
  border-color: #3b3f42;
  cursor: pointer;
}

.c2:checked {
  background-color: #3b3f42;
  border-color: #3b3f42;
}

.c2:checked + svg {
  display: initial;
}

.c0 {
  display: -webkit-box;
  display: -webkit-flex;
  display: -ms-flexbox;
  display: flex;
  -webkit-align-items: center;
  -webkit-box-align: center;
  -ms-flex-align: center;
  align-items: center;
}

.c1 {
  position: relative;
  height: 2rem;
  width: 2rem;
}

.c4 {
  opacity: 1;
  visibility: visible;
  display: block;
  position: absolute;
  top: 50%;
  left: 50%;
  -webkit-transform: translate(-50%,-50%);
  -ms-transform: translate(-50%,-50%);
  transform: translate(-50%,-50%);
  pointer-events: none;
  -webkit-user-select: none;
  -moz-user-select: none;
  -ms-user-select: none;
  user-select: none;
}

.c4 path {
  stroke: #ffffff;
  fill: #ffffff;
}

.c6 {
  margin-left: 1.3rem;
}

<div>
  <label
    class="c0"
  >
    <div
      class="c1"
      data-testid="checkbox-wrapper"
      size="2"
    >
      <input
        class="c2"
        id="id2"
        name="Example1"
        type="checkbox"
        value="value2"
      />
      <span
        class="c3 c4"
        data-testid="icon-Check"
        height="1.6"
        width="2.2"
      >
        <test-file-stub
          image="test-file-stub"
        />
      </span>
    </div>
    <span
      class="c5 c6"
      color="primary"
    >
      label
    </span>
  </label>
</div>
`;
