// Jest Snapshot v1, https://goo.gl/fbAQLP

exports[`matches snapshot 1`] = `
.c3 {
  margin: 0;
  font-size: 1.6rem;
  line-height: 1.5;
  -webkit-letter-spacing: 0.02rem;
  -moz-letter-spacing: 0.02rem;
  -ms-letter-spacing: 0.02rem;
  letter-spacing: 0.02rem;
  color: #000000;
}

.c6 {
  margin: 0;
  font-size: 1.4rem;
  line-height: 1.57;
  -webkit-letter-spacing: 0.04rem;
  -moz-letter-spacing: 0.04rem;
  -ms-letter-spacing: 0.04rem;
  letter-spacing: 0.04rem;
  color: #6a6a6a;
}

.c12 {
  margin: 0;
  font-size: 1.2rem;
  line-height: 1.67;
  font-weight: 400;
  -webkit-letter-spacing: 0.1rem;
  -moz-letter-spacing: 0.1rem;
  -ms-letter-spacing: 0.1rem;
  letter-spacing: 0.1rem;
  text-transform: uppercase;
  color: #000000;
}

.c4 {
  grid-area: Name;
  -webkit-align-self: end;
  -ms-flex-item-align: end;
  align-self: end;
}

.c7 {
  grid-area: Message;
  white-space: nowrap;
  text-overflow: ellipsis;
  overflow: hidden;
  -webkit-align-self: flex-start;
  -ms-flex-item-align: start;
  align-self: flex-start;
}

.c8 {
  grid-area: Actions;
  display: -webkit-box;
  display: -webkit-flex;
  display: -ms-flexbox;
  display: flex;
  -webkit-align-items: center;
  -webkit-box-align: center;
  -ms-flex-align: center;
  align-items: center;
  -webkit-box-pack: center;
  -webkit-justify-content: center;
  -ms-flex-pack: center;
  justify-content: center;
  width: 9rem;
}

.c10 {
  display: -webkit-box;
  display: -webkit-flex;
  display: -ms-flexbox;
  display: flex;
  -webkit-align-items: center;
  -webkit-box-align: center;
  -ms-flex-align: center;
  align-items: center;
  -webkit-box-pack: center;
  -webkit-justify-content: center;
  -ms-flex-pack: center;
  justify-content: center;
  -webkit-appearance: none;
  -moz-appearance: none;
  appearance: none;
  background: none;
  padding: 0.1rem 0.7rem;
  cursor: pointer;
  outline: none;
  box-sizing: border-box;
  overflow: hidden;
  -webkit-transition: background 250ms ease-in-out, color 250ms ease-in-out, border 250ms ease-in-out;
  transition: background 250ms ease-in-out, color 250ms ease-in-out, border 250ms ease-in-out;
  width: 17.6rem;
  height: 4rem;
  border-radius: 0.4rem;
  background: #3b3f42;
  border: 0.1rem solid #3b3f42;
}

.c10:hover {
  background: #000000;
}

.c10 p {
  color: #ffffff;
}

.c10 g path {
  fill: #ffffff;
}

.c13 {
  white-space: nowrap;
}

.c0 {
  display: grid;
  box-sizing: border-box;
  grid-template-areas: "Checkbox Actions";
  grid-template-columns: 1fr 16.4rem;
  border-bottom: solid 0.1rem #d2d6db;
  height: 7.2rem;
  max-height: 7.2rem;
}

.c2 {
  grid-area: Checkbox;
  -webkit-align-self: center;
  -ms-flex-item-align: center;
  align-self: center;
  display: -webkit-box;
  display: -webkit-flex;
  display: -ms-flexbox;
  display: flex;
  -webkit-flex-direction: row;
  -ms-flex-direction: row;
  flex-direction: row;
}

.c5 {
  margin-left: 3.2rem;
  margin-bottom: 0;
  -webkit-align-self: center;
  -ms-flex-item-align: center;
  align-self: center;
}

.c1 {
  grid-template-areas: "Checkbox Actions";
  grid-template-columns: 1fr 20rem;
  border-bottom: solid 0.1rem #d2d6db;
}

.c9 {
  width: -webkit-fit-content;
  width: -moz-fit-content;
  width: fit-content;
}

.c11 {
  padding: 0;
}

<div>
  <section
    class=""
  >
    <div
      class="c0 c1"
    >
      <div
        class="c2"
      >
        <p
          class="c3 c4 c5"
          color="primary"
        >
          [value] module.settings.backupLabel
          <p
            class="c6 c7"
            color="secondary"
            data-testid="backup-location"
          >
            C:/MuditaOs
          </p>
        </p>
      </div>
      <div
        class="c8 c9"
      >
        <button
          class="c10 c11"
          size="1"
          type="button"
        >
          <p
            class="c12 c13"
            color="primary"
          >
            [value] module.settings.backupButtonLabel
          </p>
        </button>
      </div>
    </div>
  </section>
</div>
`;
