// Jest Snapshot v1, https://goo.gl/fbAQLP

exports[`matches snapshot 1`] = `
.c1 {
  margin: 0;
  font-size: 2.4rem;
  line-height: 0.8;
  font-weight: 700;
  -webkit-letter-spacing: -0.06rem;
  -moz-letter-spacing: -0.06rem;
  -ms-letter-spacing: -0.06rem;
  letter-spacing: -0.06rem;
}

.c5 {
  margin: 0;
  font-size: 1.4rem;
  line-height: 1.05;
  color: #6a6a6a;
  font-weight: 300;
  -webkit-letter-spacing: 0.04rem;
  -moz-letter-spacing: 0.04rem;
  -ms-letter-spacing: 0.04rem;
  letter-spacing: 0.04rem;
}

.c6 {
  margin: 0;
  font-size: 1.6rem;
  line-height: 1.05;
}

.c7 {
  margin: 0;
  font-size: 1.2rem;
  line-height: 1.2;
  color: #6a6a6a;
  -webkit-letter-spacing: 0.04rem;
  -moz-letter-spacing: 0.04rem;
  -ms-letter-spacing: 0.04rem;
  letter-spacing: 0.04rem;
}

.c14 {
  margin: 0;
  font-size: 1.2rem;
  line-height: 1.2;
  text-transform: uppercase;
  -webkit-letter-spacing: 0.1rem;
  -moz-letter-spacing: 0.1rem;
  -ms-letter-spacing: 0.1rem;
  letter-spacing: 0.1rem;
}

.c11 {
  display: -webkit-box;
  display: -webkit-flex;
  display: -ms-flexbox;
  display: flex;
  -webkit-align-items: center;
  -webkit-box-align: center;
  -ms-flex-align: center;
  align-items: center;
  -webkit-box-pack: center;
  -webkit-justify-content: center;
  -ms-flex-pack: center;
  justify-content: center;
  -webkit-appearance: none;
  -moz-appearance: none;
  appearance: none;
  background: none;
  -webkit-transition: background 250ms ease-in-out, color 250ms ease-in-out, border 250ms ease-in-out;
  transition: background 250ms ease-in-out, color 250ms ease-in-out, border 250ms ease-in-out;
  cursor: pointer;
  outline: none;
  box-sizing: border-box;
  width: 17rem;
  height: 4rem;
  color: #ffffff;
  border-radius: 0.5rem;
  background: #3b3f42;
  border: 0.1rem solid #3b3f42;
}

.c11:hover {
  background: #232426;
}

.c11 g {
  fill: #ffffff;
}

.c15 {
  white-space: nowrap;
}

.c9 {
  display: -webkit-box;
  display: -webkit-flex;
  display: -ms-flexbox;
  display: flex;
  -webkit-flex-direction: row;
  -ms-flex-direction: row;
  flex-direction: row;
  position: relative;
}

.c12 {
  --radius: 0.5rem;
  -webkit-flex: 1;
  -ms-flex: 1;
  flex: 1;
  z-index: 1;
  pointer-events: all;
  z-index: 3;
}

.c12:disabled {
  pointer-events: none;
}

.c12:hover {
  z-index: 2;
}

.c12:not(:first-of-type) {
  border-radius: 0;
  margin-left: -0.1rem;
}

.c12:first-of-type:not(:last-of-type) {
  border-radius: var(--radius) 0 0 var(--radius);
}

.c12:last-of-type:not(:first-of-type) {
  border-radius: 0 var(--radius) var(--radius) 0;
}

.c0 {
  display: -webkit-box;
  display: -webkit-flex;
  display: -ms-flexbox;
  display: flex;
  -webkit-flex-direction: column;
  -ms-flex-direction: column;
  flex-direction: column;
  padding: 4rem;
  box-sizing: border-box;
  border-radius: 0.5rem;
  background-color: #ffffff;
}

.c3 {
  grid-area: Text;
}

.c2 {
  display: -webkit-box;
  display: -webkit-flex;
  display: -ms-flexbox;
  display: flex;
  -webkit-flex-direction: row;
  -ms-flex-direction: row;
  flex-direction: row;
  -webkit-box-pack: justify;
  -webkit-justify-content: space-between;
  -ms-flex-pack: justify;
  justify-content: space-between;
  -webkit-align-items: flex-end;
  -webkit-box-align: flex-end;
  -ms-flex-align: flex-end;
  align-items: flex-end;
  margin-top: auto;
}

.c10 {
  grid-area: Buttons;
  justify-self: end;
  min-width: 18rem;
}

.c13 {
  padding: 0 1.6rem;
  width: 50%;
}

.c13 svg {
  height: initial;
  width: initial;
}

.c4 span {
  margin-left: 0.8rem;
  font-weight: 300;
  text-transform: none;
}

.c4 p {
  margin-bottom: 0.8rem;
}

.c8 {
  margin-top: 0.8rem;
  text-transform: none;
  display: -webkit-inline-box;
  display: inline-box;
  padding: 0.3rem 0.5rem;
  border-radius: 0.4rem;
  -webkit-letter-spacing: 0.04rem;
  -moz-letter-spacing: 0.04rem;
  -ms-letter-spacing: 0.04rem;
  letter-spacing: 0.04rem;
  background-color: #f4f5f6;
}

<div>
  <section
    class="c0"
  >
    <div>
      <h2
        class="c1"
      >
        [value] module.overview.muditaOsUpdateTitle
      </h2>
    </div>
    <div
      class="c2"
    >
      <div
        class="c3"
      >
        <div
          class="c4"
        >
          <p
            class="c5"
          >
            Current version:
          </p>
          <p
            class="c6"
            data-testid="os-version"
          >
            [value] module.overview.muditaOsUpdateTitle
             0.72.1
          </p>
        </div>
        <p
          class="c7 c8"
        >
          [value] module.overview.systemUpdateUpToDate
        </p>
      </div>
      <section
        class="c9 c10"
      >
        <button
          class="c11 c12 c13"
          size="2"
          type="button"
        >
          <p
            class="c14 c15"
          >
            [value] module.overview.systemCheckForUpdates
          </p>
        </button>
      </section>
    </div>
  </section>
</div>
`;
