// Jest Snapshot v1, https://goo.gl/fbAQLP

exports[`call is performed after dispatching effect with data 1`] = `
Object {
  "muditaNews": Object {
    "lastUpdate": "2020-04-28T11:23:22.696Z",
    "newsItems": Array [
      Object {
        "category": "Forum",
        "commentsCount": 11,
        "communityLink": "https://forum.mudita.com/t/one-feature-i-would-love-to-see-added/299",
        "content": "One feature I would love to see added",
        "createdAt": "2019-07-11T09:48:32.097Z",
        "date": "2021-02-26T11:56:59.782Z",
        "discussionId": "299",
        "imageSource": "//images.ctfassets.net/isxmxtc67n72/6j1K3VOLf3aAdijTuObagd/5c406b7a69a6806003aff0a4b8cb5493/MuditaOS.jpg",
        "link": "https://forum.mudita.com/t/one-feature-i-would-love-to-see-added/299",
        "newsId": "23cbaCgEf6PC1llqI5XYBf",
        "title": "Hot discussion",
        "updatedAt": "2019-07-11T09:48:32.097Z",
      },
      Object {
        "category": "Blog",
        "commentsCount": 11,
        "communityLink": "https://forum.mudita.com/t/mudita-pure-kickstarter-campaign-is-live/703",
        "content": "Our campaign on Kickstarter was a success, reaching 262% of the initial goal!",
        "createdAt": "2019-07-11T09:56:32.097Z",
        "date": "2021-02-26T11:56:59.782Z",
        "discussionId": "703",
        "imageSource": "//images.ctfassets.net/isxmxtc67n72/6j1K3VOLf3aAdijTuObagd/5c406b7a69a6806003aff0a4b8cb5493/MuditaOS.jpg",
        "link": "https://mudita.com/community/blog/the-kickstarter-campaign-of-mudita-pure-is-finished/",
        "newsId": "3RU0ukJVFGhzT61mXB4xn9",
        "title": "Latest News",
        "updatedAt": "2019-07-11T09:56:32.097Z",
      },
      Object {
        "category": "Blog",
        "commentsCount": 11,
        "communityLink": "https://forum.mudita.com/t/attention-the-precious-currency-we-re-giving-away-for-free/1027",
        "content": "Attention: The precious currency weâ€™re giving away for free.",
        "createdAt": "2019-07-11T09:55:32.097Z",
        "date": "2021-02-26T11:56:59.782Z",
        "discussionId": "1027",
        "imageSource": "//images.ctfassets.net/isxmxtc67n72/6j1K3VOLf3aAdijTuObagd/5c406b7a69a6806003aff0a4b8cb5493/MuditaOS.jpg",
        "link": "https://mudita.com/community/blog/attention-the-precious-currency-were-giving-away-for-free/",
        "newsId": "9YFH9NLyIvt8Z1dDEc1nf",
        "title": "Featured Article",
        "updatedAt": "2019-07-11T09:55:32.097Z",
      },
    ],
  },
  "networkStatus": Object {
    "online": true,
  },
}
`;
