// Jest Snapshot v1, https://goo.gl/fbAQLP

exports[`matches snapshot 1`] = `
.c6 {
  margin: 0;
  font-size: 1.4rem;
  line-height: 1.05;
  color: #6a6a6a;
  font-weight: 300;
  -webkit-letter-spacing: 0.04rem;
  -moz-letter-spacing: 0.04rem;
  -ms-letter-spacing: 0.04rem;
  letter-spacing: 0.04rem;
}

.c4 {
  display: -webkit-box;
  display: -webkit-flex;
  display: -ms-flexbox;
  display: flex;
  -webkit-box-pack: center;
  -webkit-justify-content: center;
  -ms-flex-pack: center;
  justify-content: center;
  -webkit-align-items: center;
  -webkit-box-align: center;
  -ms-flex-align: center;
  align-items: center;
  height: 1.5rem;
  width: 0.8rem;
  position: relative;
  font-style: normal;
}

.c4 svg {
  width: 100%;
  height: 100%;
}

.c2 {
  position: relative;
  height: 2rem;
  width: 2rem;
}

.c3 {
  -webkit-appearance: none;
  -moz-appearance: none;
  appearance: none;
  outline: none;
  margin: 0;
  display: inline-block;
  height: 100%;
  width: 100%;
  background-clip: content-box;
  border: 0.1rem solid #cdcecf;
  border-radius: 0.2rem;
  background-color: #ffffff;
  -webkit-transition: border-color 250ms ease-in-out;
  transition: border-color 250ms ease-in-out;
  background-color: #3b3f42;
  border-color: #3b3f42;
}

.c3:hover {
  border-color: #3b3f42;
  cursor: pointer;
}

.c3:checked {
  background-color: #3b3f42;
  border-color: #3b3f42;
}

.c3:checked + svg {
  display: initial;
}

.c3 + svg {
  display: initial;
}

.c5 {
  display: block;
  position: absolute;
  top: 50%;
  left: 50%;
  -webkit-transform: translate(-50%,-50%);
  -ms-transform: translate(-50%,-50%);
  transform: translate(-50%,-50%);
  pointer-events: none;
  -webkit-user-select: none;
  -moz-user-select: none;
  -ms-user-select: none;
  user-select: none;
}

.c5 path {
  stroke: #ffffff;
}

.c1 {
  grid-area: Checkbox;
}

.c7 {
  grid-area: Info;
  line-height: 1.1;
}

.c0 {
  display: grid;
  grid-template-areas: "Checkbox Info Buttons";
  grid-template-columns: auto 1fr auto;
  grid-column-gap: 0.8rem;
  -webkit-align-items: center;
  -webkit-box-align: center;
  -ms-flex-align: center;
  align-items: center;
  height: 4rem;
  padding: 0 0.7rem;
  padding-left: 0.7rem;
  background-color: #f4f5f6;
  border-radius: 0.5rem;
  border: solid 0.1rem #a5a5a5;
  box-sizing: border-box;
}

<div>
  <section
    class="c0"
  >
    <div
      class="c1"
    >
      <div
        class="c2"
        data-testid="checkbox-wrapper"
        size="2"
      >
        <input
          checked=""
          class="c3"
          type="checkbox"
        />
        <i
          class="c4 c5"
          data-testid="icon-CheckIndeterminate"
          height="1.5"
          width="0.8"
        >
          <test-file-stub
            image="test-file-stub"
          />
        </i>
      </div>
    </div>
    <p
      class="c6 c7"
      data-testid="info"
    >
      [value] view.name.messages.conversations.selectionsNumber
    </p>
  </section>
</div>
`;
